app/admin/page.tsx(144,50): error TS2322: Type '(value: number) => [string, "Revenue"]' is not assignable to type 'Formatter<number, "Revenue"> & ((value: number, name: "Revenue", item: Payload<number, "Revenue">, index: number, payload: Payload<number, "Revenue">[]) => ReactNode | [...])'.
  Type '(value: number) => [string, "Revenue"]' is not assignable to type 'Formatter<number, "Revenue">'.
    Types of parameters 'value' and 'value' are incompatible.
      Type 'number | undefined' is not assignable to type 'number'.
        Type 'undefined' is not assignable to type 'number'.
i18n.ts(7,33): error TS2345: Argument of type '({ locale }: GetRequestConfigParams) => Promise<{ messages: any; }>' is not assignable to parameter of type '(params: GetRequestConfigParams) => RequestConfig | Promise<RequestConfig>'.
  Type 'Promise<{ messages: any; }>' is not assignable to type 'RequestConfig | Promise<RequestConfig>'.
    Type 'Promise<{ messages: any; }>' is not assignable to type 'Promise<RequestConfig>'.
      Type '{ messages: any; }' is not assignable to type 'RequestConfig'.
        Property 'locale' is missing in type '{ messages: any; }' but required in type '{ locale: string; }'.
